## **24.2 服务器硬件信息**

### **24.2.1 系统自带的 dmidecode 获取硬件信息**

```
[root@study ~]# dmidecode -t type
選項與參數：
詳細的 type 項目請 man dmidecode 查詢更多的資料，這裡僅列出比較常用的項目：
1 ：詳細的系統資料，含主機板的型號與硬體的基礎資料等
4 ：CPU 的相關資料，包括倍頻、外頻、核心數、核心緒數等
9 ：系統的相關插槽格式，包括 PCI, PCI-E 等等的插槽規格說明
17：每一個記憶體插槽的規格，若內有記憶體，則列出該記憶體的容量與型號

範例一：秀出整個系統的硬體資訊，例如主機板型號等等
[root@study ~]# dmidecode -t 1

範例二：那記憶體相關的資料呢？
[root@study ~]# dmidecode -t 17
```

### **24.2.2 硬件信息收集与分析**

#`lspci`

```
[root@study ~]# lspci [-vvn]
選項與參數：
-v  ：顯示更多的 PCI 介面裝置的詳細資訊；
-vv ：比 -v 還要更詳細的細部資訊；
-n  ：直接觀察 PCI 的 ID 而不是廠商名稱

範例一：查閱您系統內的 PCI 匯流排相關裝置：
[root@study ~]# lspci

[root@study ~]# lspci -s 00:03.0 -vv
```

`-s` 后面数字意思表示 `-s [[<bus>]:][<slot>][.[<func>]]`

仅显示指定总线、插槽上的设备或设备上的功能块信息。

可对照 **/usr/share/hwdata/pci.ids**

```shell
#用来更新pci.ids
update-pciids
```

#`lsusb`

```
[root@study ~]# lsusb [-t]
選項與參數：
-t  ：使用類似樹狀目錄來顯示各個 USB 埠口的相關性

範例一：列出目前鳥哥的測試用主機 USB 各埠口狀態
[root@study ~]# lsusb
Bus 002 Device 002: ID 0627:0001 Adomax Technology Co., Ltd
Bus 001 Device 001: ID 1d6b:0002 Linux Foundation 2.0 root hub
Bus 002 Device 001: ID 1d6b:0001 Linux Foundation 1.1 root hub
# 如上所示，鳥哥的主機在 Bus 002 有接了一個設備，
# 該設備的 ID 是 0627:0001，對應的廠商與產品為 Adomax 的設備。
```

#`iostat`

```
[root@study ~]# iostat [-c|-d] [-k|-m] [-t] [間隔秒數] [偵測次數]
選項與參數：
-c  ：僅顯示 CPU 的狀態；
-d  ：僅顯示儲存設備的狀態，不可與 -c 一起用；
-k  ：預設顯示的是 block ，這裡可以改成 K bytes 的大小來顯示；
-m  ：與 -k 類似，只是以 MB 的單位來顯示結果。
-t  ：顯示日期出來；

範例一：顯示一下目前整個系統的 CPU 與儲存設備的狀態
[root@study ~]# iostat
Linux 3.10.0-229.el7.x86_64 (study.centos.vbird)  09/02/2015   _x86_64_    (4 CPU)

avg-cpu:  %user   %nice %system %iowait  %steal   %idle
           0.08    0.01    0.02    0.00    0.01   99.88

Device:            tps    kB_read/s    kB_wrtn/s    kB_read    kB_wrtn
vda               0.46         5.42         3.16     973670     568007
scd0              0.00         0.00         0.00        154          0
sda               0.01         0.03         0.00       4826          0
dm-0              0.23         4.59         3.09     825092     555621
# 瞧！上面數據總共分為上下兩部分，上半部顯示的是 CPU 的當下資訊；
# 下面數據則是顯示儲存裝置包括 /dev/vda 的相關數據，他的數據意義：
# tps       ：平均每秒鐘的傳送次數！與資料傳輸『次數』有關，非容量！
# kB_read/s ：開機到現在平均的讀取單位；
# kB_wrtn/s ：開機到現在平均的寫入單位；
# kB_read   ：開機到現在，總共讀出來的檔案單位；
# kB_wrtn   ：開機到現在，總共寫入的檔案單位；

範例二：僅針對 vda ，每兩秒鐘偵測一次，並且共偵測三次儲存裝置
[root@study ~]# iostat -d 2 3 vda
Linux 3.10.0-229.el7.x86_64 (study.centos.vbird)  09/02/2015   _x86_64_    (4 CPU)

Device:            tps    kB_read/s    kB_wrtn/s    kB_read    kB_wrtn
vda               0.46         5.41         3.16     973682     568148

Device:            tps    kB_read/s    kB_wrtn/s    kB_read    kB_wrtn
vda               1.00         0.00         0.50          0          1

Device:            tps    kB_read/s    kB_wrtn/s    kB_read    kB_wrtn
vda               0.00         0.00         0.00          0          0
# 仔細看一下，如果是有偵測次數的情況，那麼第一次顯示的是『從開機到現在的數據』，
# 第二次以後所顯示的資料則代表兩次偵測之間的系統傳輸值！舉例來說，上面的資訊中，
# 第二次顯示的資料，則是兩秒鐘內(本案例)系統的總傳輸量與平均值。
```

### **24.2.3 了解硬盘健康状况**

```
# 1. 用 smartctl 來顯示完整的 /dev/sda 的資訊
[root@study ~]# smartctl -a /dev/sda
smartctl 6.2 2013-07-26 r3841 [x86_64-linux-3.10.0-229.el7.x86_64] (local build)
Copyright (C) 2002-13, Bruce Allen, Christian Franke, www.smartmontools.org

# 首先來輸出一下這部磁碟的整體資訊狀況！包括製造商、序號、格式、SMART 支援度等等！
=== START OF INFORMATION SECTION === 
Device Model:     QEMU HARDDISK
Serial Number:    QM00002
Firmware Version: 0.12.1
User Capacity:    2,148,073,472 bytes [2.14 GB]
Sector Size:      512 bytes logical/physical
Device is:        Not in smartctl database [for details use: -P showall]
ATA Version is:   ATA/ATAPI-7, ATA/ATAPI-5 published, ANSI NCITS 340-2000
Local Time is:    Wed Sep  2 18:10:38 2015 CST
SMART support is: Available - device has SMART capability.
SMART support is: Enabled

=== START OF READ SMART DATA SECTION ===
SMART overall-health self-assessment test result: PASSED

# 接下來則是一堆基礎說明！鳥哥這裡先略過這段資料喔！
General SMART Values:
Offline data collection status:  (0x82) Offline data collection activity
                                        was completed without error.
                                        Auto Offline Data Collection: Enabled.
.....(中間省略).....
# 再來則是有沒有曾經發生過磁碟錯亂的問題登錄！
SMART Error Log Version: 1
No Errors Logged

# 當你下達過磁碟自我檢測的過程，就會被記錄在這裡了！
SMART Self-test log structure revision number 1
Num  Test_Description    Status                  Remaining  LifeTime(hours)  LBA_of_first_error
# 1  Short offline       Completed without error       00%      4660         -
# 2  Short offline       Completed without error       00%      4660         -

# 2. 命令磁碟進行一次自我檢測的動作，然後再次觀察磁碟狀態！
[root@study ~]# smartctl -t short /dev/sda
[root@study ~]# smartctl -a /dev/sda
.....(前面省略).....
# 底下會多出一個第三筆的測試資訊！看一下 Status 的狀態，沒有問題就是好消息！
SMART Self-test log structure revision number 1
Num  Test_Description    Status                  Remaining  LifeTime(hours)  LBA_of_first_error
# 1  Short offline       Completed without error       00%      4660         -
# 2  Short offline       Completed without error       00%      4660         -
# 3  Short offline       Completed without error       00%      4660         -
```